// Jest Snapshot v1, https://goo.gl/fbAQLP

exports[`Pruebas en <ListOfArtists /> Debe cargarse correctamente 1`] = `ShallowWrapper {}`;
